ERROR:12:Variable "someVar" not declared
Errors detected. Exiting.
