ERROR:21:Function "setCompilerWorks" already declared at line 16
Errors detected. Exiting.
