ERROR:12:Variable "jobDone" not declared
Errors detected. Exiting.
