ERROR:21:Array index not an integer for variable "rows"
Errors detected. Exiting.
