ERROR:12:Variable "undeclaredVariable" not declared
Errors detected. Exiting.
