ERROR:14:Type mismatch between "boolean" and "integer"
Errors detected. Exiting.
