ERROR:8:Invalid array range (7,2)
Errors detected. Exiting.
