ERROR:13:Type mismatch between "boolean" and "integer"
Errors detected. Exiting.
