ERROR:9:Class "BB" attempted to extend class "AAAA" which does not exist
Errors detected. Exiting.
