ERROR:13:Type mismatch between "__usrdef_0" and "__usrdef_1"
Errors detected. Exiting.
