ERROR:21:Variable "someVar" not declared
Errors detected. Exiting.
