ERROR:21:Function "test" not declared
Errors detected. Exiting.
