ERROR:31:Function "setCompilerWorks" not declared
Errors detected. Exiting.
