ERROR:15:Indexed variable "moreTests" is not an array
Errors detected. Exiting.
