'_' (0137): illegal character at line 8
8: syntax error at 'Switch'
Errors detected. Exiting.
