ERROR:16:Class "myCustomClass" already declared at line 4
Errors detected. Exiting.
