ERROR:11:Variable name "testFunctionReturnInvalid" is reserved for use as a function return value
Errors detected. Exiting.
