ERROR:18:Function "setLightSwitchWorks" not declared
Errors detected. Exiting.
