ERROR:Missing program class
Errors detected. Exiting.
